Archive member included to satisfy reference by file (symbol)

/opt/st/stm32cubeide_1.14.0/plugins/com.st.stm32cube.ide.mcu.externaltools.gnu-tools-for-stm32.11.3.rel1.linux64_1.1.100.202309141235/tools/bin/../lib/gcc/arm-none-eabi/11.3.1/../../../../arm-none-eabi/lib/thumb/v7e-m+fp/hard/libc_nano.a(libc_a-exit.o)
                              /opt/st/stm32cubeide_1.14.0/plugins/com.st.stm32cube.ide.mcu.externaltools.gnu-tools-for-stm32.11.3.rel1.linux64_1.1.100.202309141235/tools/bin/../lib/gcc/arm-none-eabi/11.3.1/../../../../arm-none-eabi/lib/thumb/v7e-m+fp/hard/crt0.o (exit)
/opt/st/stm32cubeide_1.14.0/plugins/com.st.stm32cube.ide.mcu.externaltools.gnu-tools-for-stm32.11.3.rel1.linux64_1.1.100.202309141235/tools/bin/../lib/gcc/arm-none-eabi/11.3.1/../../../../arm-none-eabi/lib/thumb/v7e-m+fp/hard/libc_nano.a(libc_a-findfp.o)
                              /opt/st/stm32cubeide_1.14.0/plugins/com.st.stm32cube.ide.mcu.externaltools.gnu-tools-for-stm32.11.3.rel1.linux64_1.1.100.202309141235/tools/bin/../lib/gcc/arm-none-eabi/11.3.1/../../../../arm-none-eabi/lib/thumb/v7e-m+fp/hard/libc_nano.a(libc_a-exit.o) (__stdio_exit_handler)
/opt/st/stm32cubeide_1.14.0/plugins/com.st.stm32cube.ide.mcu.externaltools.gnu-tools-for-stm32.11.3.rel1.linux64_1.1.100.202309141235/tools/bin/../lib/gcc/arm-none-eabi/11.3.1/../../../../arm-none-eabi/lib/thumb/v7e-m+fp/hard/libc_nano.a(libc_a-fwalk.o)
                              /opt/st/stm32cubeide_1.14.0/plugins/com.st.stm32cube.ide.mcu.externaltools.gnu-tools-for-stm32.11.3.rel1.linux64_1.1.100.202309141235/tools/bin/../lib/gcc/arm-none-eabi/11.3.1/../../../../arm-none-eabi/lib/thumb/v7e-m+fp/hard/libc_nano.a(libc_a-findfp.o) (_fwalk_sglue)
/opt/st/stm32cubeide_1.14.0/plugins/com.st.stm32cube.ide.mcu.externaltools.gnu-tools-for-stm32.11.3.rel1.linux64_1.1.100.202309141235/tools/bin/../lib/gcc/arm-none-eabi/11.3.1/../../../../arm-none-eabi/lib/thumb/v7e-m+fp/hard/libc_nano.a(libc_a-stdio.o)
                              /opt/st/stm32cubeide_1.14.0/plugins/com.st.stm32cube.ide.mcu.externaltools.gnu-tools-for-stm32.11.3.rel1.linux64_1.1.100.202309141235/tools/bin/../lib/gcc/arm-none-eabi/11.3.1/../../../../arm-none-eabi/lib/thumb/v7e-m+fp/hard/libc_nano.a(libc_a-findfp.o) (__sread)
/opt/st/stm32cubeide_1.14.0/plugins/com.st.stm32cube.ide.mcu.externaltools.gnu-tools-for-stm32.11.3.rel1.linux64_1.1.100.202309141235/tools/bin/../lib/gcc/arm-none-eabi/11.3.1/../../../../arm-none-eabi/lib/thumb/v7e-m+fp/hard/libc_nano.a(libc_a-memset.o)
                              /opt/st/stm32cubeide_1.14.0/plugins/com.st.stm32cube.ide.mcu.externaltools.gnu-tools-for-stm32.11.3.rel1.linux64_1.1.100.202309141235/tools/bin/../lib/gcc/arm-none-eabi/11.3.1/../../../../arm-none-eabi/lib/thumb/v7e-m+fp/hard/crt0.o (memset)
/opt/st/stm32cubeide_1.14.0/plugins/com.st.stm32cube.ide.mcu.externaltools.gnu-tools-for-stm32.11.3.rel1.linux64_1.1.100.202309141235/tools/bin/../lib/gcc/arm-none-eabi/11.3.1/../../../../arm-none-eabi/lib/thumb/v7e-m+fp/hard/libc_nano.a(libc_a-closer.o)
                              /opt/st/stm32cubeide_1.14.0/plugins/com.st.stm32cube.ide.mcu.externaltools.gnu-tools-for-stm32.11.3.rel1.linux64_1.1.100.202309141235/tools/bin/../lib/gcc/arm-none-eabi/11.3.1/../../../../arm-none-eabi/lib/thumb/v7e-m+fp/hard/libc_nano.a(libc_a-stdio.o) (_close_r)
/opt/st/stm32cubeide_1.14.0/plugins/com.st.stm32cube.ide.mcu.externaltools.gnu-tools-for-stm32.11.3.rel1.linux64_1.1.100.202309141235/tools/bin/../lib/gcc/arm-none-eabi/11.3.1/../../../../arm-none-eabi/lib/thumb/v7e-m+fp/hard/libc_nano.a(libc_a-reent.o)
                              /opt/st/stm32cubeide_1.14.0/plugins/com.st.stm32cube.ide.mcu.externaltools.gnu-tools-for-stm32.11.3.rel1.linux64_1.1.100.202309141235/tools/bin/../lib/gcc/arm-none-eabi/11.3.1/../../../../arm-none-eabi/lib/thumb/v7e-m+fp/hard/libc_nano.a(libc_a-closer.o) (errno)
/opt/st/stm32cubeide_1.14.0/plugins/com.st.stm32cube.ide.mcu.externaltools.gnu-tools-for-stm32.11.3.rel1.linux64_1.1.100.202309141235/tools/bin/../lib/gcc/arm-none-eabi/11.3.1/../../../../arm-none-eabi/lib/thumb/v7e-m+fp/hard/libc_nano.a(libc_a-impure.o)
                              /opt/st/stm32cubeide_1.14.0/plugins/com.st.stm32cube.ide.mcu.externaltools.gnu-tools-for-stm32.11.3.rel1.linux64_1.1.100.202309141235/tools/bin/../lib/gcc/arm-none-eabi/11.3.1/../../../../arm-none-eabi/lib/thumb/v7e-m+fp/hard/libc_nano.a(libc_a-reent.o) (_impure_ptr)
/opt/st/stm32cubeide_1.14.0/plugins/com.st.stm32cube.ide.mcu.externaltools.gnu-tools-for-stm32.11.3.rel1.linux64_1.1.100.202309141235/tools/bin/../lib/gcc/arm-none-eabi/11.3.1/../../../../arm-none-eabi/lib/thumb/v7e-m+fp/hard/libc_nano.a(libc_a-lseekr.o)
                              /opt/st/stm32cubeide_1.14.0/plugins/com.st.stm32cube.ide.mcu.externaltools.gnu-tools-for-stm32.11.3.rel1.linux64_1.1.100.202309141235/tools/bin/../lib/gcc/arm-none-eabi/11.3.1/../../../../arm-none-eabi/lib/thumb/v7e-m+fp/hard/libc_nano.a(libc_a-stdio.o) (_lseek_r)
[...]
Memory Configuration

Name             Origin             Length             Attributes
CCMRAM           0x0000000010000000 0x0000000000001000 xrw
RAM              0x0000000020000000 0x0000000000003000 xrw
FLASH            0x0000000008002000 0x0000000000010000 xr
*default*        0x0000000000000000 0xffffffffffffffff

Linker script and memory map

LOAD /opt/st/stm32cubeide_1.14.0/plugins/com.st.stm32cube.ide.mcu.externaltools.gnu-tools-for-stm32.11.3.rel1.linux64_1.1.100.202309141235/tools/bin/../lib/gcc/arm-none-eabi/11.3.1/thumb/v7e-m+fp/hard/crti.o
LOAD /opt/st/stm32cubeide_1.14.0/plugins/com.st.stm32cube.ide.mcu.externaltools.gnu-tools-for-stm32.11.3.rel1.linux64_1.1.100.202309141235/tools/bin/../lib/gcc/arm-none-eabi/11.3.1/thumb/v7e-m+fp/hard/crtbegin.o
LOAD /opt/st/stm32cubeide_1.14.0/plugins/com.st.stm32cube.ide.mcu.externaltools.gnu-tools-for-stm32.11.3.rel1.linux64_1.1.100.202309141235/tools/bin/../lib/gcc/arm-none-eabi/11.3.1/../../../../arm-none-eabi/lib/thumb/v7e-m+fp/hard/crt0.o
LOAD ./Core/Src/main.o
LOAD ./Core/Src/stm32f3xx_hal_msp.o
LOAD ./Core/Src/stm32f3xx_it.o
LOAD ./Core/Src/syscalls.o
LOAD ./Core/Src/sysmem.o
LOAD ./Core/Src/system_stm32f3xx.o
LOAD ./Core/Startup/startup_stm32f334c8tx.o
LOAD ./Drivers/STM32F3xx_HAL_Driver/Src/stm32f3xx_hal.o
LOAD ./Drivers/STM32F3xx_HAL_Driver/Src/stm32f3xx_hal_cortex.o
LOAD ./Drivers/STM32F3xx_HAL_Driver/Src/stm32f3xx_hal_dma.o
LOAD ./Drivers/STM32F3xx_HAL_Driver/Src/stm32f3xx_hal_exti.o
LOAD ./Drivers/STM32F3xx_HAL_Driver/Src/stm32f3xx_hal_flash.o
LOAD ./Drivers/STM32F3xx_HAL_Driver/Src/stm32f3xx_hal_flash_ex.o
LOAD ./Drivers/STM32F3xx_HAL_Driver/Src/stm32f3xx_hal_gpio.o
LOAD ./Drivers/STM32F3xx_HAL_Driver/Src/stm32f3xx_hal_i2c.o
LOAD ./Drivers/STM32F3xx_HAL_Driver/Src/stm32f3xx_hal_i2c_ex.o
LOAD ./Drivers/STM32F3xx_HAL_Driver/Src/stm32f3xx_hal_pwr.o
LOAD ./Drivers/STM32F3xx_HAL_Driver/Src/stm32f3xx_hal_pwr_ex.o
LOAD ./Drivers/STM32F3xx_HAL_Driver/Src/stm32f3xx_hal_rcc.o
LOAD ./Drivers/STM32F3xx_HAL_Driver/Src/stm32f3xx_hal_rcc_ex.o
LOAD ./Drivers/STM32F3xx_HAL_Driver/Src/stm32f3xx_hal_tim.o
LOAD ./Drivers/STM32F3xx_HAL_Driver/Src/stm32f3xx_hal_tim_ex.o
START GROUP
LOAD /opt/st/stm32cubeide_1.14.0/plugins/com.st.stm32cube.ide.mcu.externaltools.gnu-tools-for-stm32.11.3.rel1.linux64_1.1.100.202309141235/tools/bin/../lib/gcc/arm-none-eabi/11.3.1/../../../../arm-none-eabi/lib/thumb/v7e-m+fp/hard/libc_nano.a
LOAD /opt/st/stm32cubeide_1.14.0/plugins/com.st.stm32cube.ide.mcu.externaltools.gnu-tools-for-stm32.11.3.rel1.linux64_1.1.100.202309141235/tools/bin/../lib/gcc/arm-none-eabi/11.3.1/../../../../arm-none-eabi/lib/thumb/v7e-m+fp/hard/libm.a
END GROUP
START GROUP
LOAD /opt/st/stm32cubeide_1.14.0/plugins/com.st.stm32cube.ide.mcu.externaltools.gnu-tools-for-stm32.11.3.rel1.linux64_1.1.100.202309141235/tools/bin/../lib/gcc/arm-none-eabi/11.3.1/thumb/v7e-m+fp/hard/libgcc.a
LOAD /opt/st/stm32cubeide_1.14.0/plugins/com.st.stm32cube.ide.mcu.externaltools.gnu-tools-for-stm32.11.3.rel1.linux64_1.1.100.202309141235/tools/bin/../lib/gcc/arm-none-eabi/11.3.1/../../../../arm-none-eabi/lib/thumb/v7e-m+fp/hard/libc_nano.a
END GROUP
START GROUP
LOAD /opt/st/stm32cubeide_1.14.0/plugins/com.st.stm32cube.ide.mcu.externaltools.gnu-tools-for-stm32.11.3.rel1.linux64_1.1.100.202309141235/tools/bin/../lib/gcc/arm-none-eabi/11.3.1/thumb/v7e-m+fp/hard/libgcc.a
LOAD /opt/st/stm32cubeide_1.14.0/plugins/com.st.stm32cube.ide.mcu.externaltools.gnu-tools-for-stm32.11.3.rel1.linux64_1.1.100.202309141235/tools/bin/../lib/gcc/arm-none-eabi/11.3.1/../../../../arm-none-eabi/lib/thumb/v7e-m+fp/hard/libc_nano.a
LOAD /opt/st/stm32cubeide_1.14.0/plugins/com.st.stm32cube.ide.mcu.externaltools.gnu-tools-for-stm32.11.3.rel1.linux64_1.1.100.202309141235/tools/bin/../lib/gcc/arm-none-eabi/11.3.1/../../../../arm-none-eabi/lib/thumb/v7e-m+fp/hard/libnosys.a
END GROUP
START GROUP
LOAD /opt/st/stm32cubeide_1.14.0/plugins/com.st.stm32cube.ide.mcu.externaltools.gnu-tools-for-stm32.11.3.rel1.linux64_1.1.100.202309141235/tools/bin/../lib/gcc/arm-none-eabi/11.3.1/thumb/v7e-m+fp/hard/libgcc.a
LOAD /opt/st/stm32cubeide_1.14.0/plugins/com.st.stm32cube.ide.mcu.externaltools.gnu-tools-for-stm32.11.3.rel1.linux64_1.1.100.202309141235/tools/bin/../lib/gcc/arm-none-eabi/11.3.1/../../../../arm-none-eabi/lib/thumb/v7e-m+fp/hard/libc_nano.a
LOAD /opt/st/stm32cubeide_1.14.0/plugins/com.st.stm32cube.ide.mcu.externaltools.gnu-tools-for-stm32.11.3.rel1.linux64_1.1.100.202309141235/tools/bin/../lib/gcc/arm-none-eabi/11.3.1/../../../../arm-none-eabi/lib/thumb/v7e-m+fp/hard/libnosys.a
END GROUP
LOAD /opt/st/stm32cubeide_1.14.0/plugins/com.st.stm32cube.ide.mcu.externaltools.gnu-tools-for-stm32.11.3.rel1.linux64_1.1.100.202309141235/tools/bin/../lib/gcc/arm-none-eabi/11.3.1/thumb/v7e-m+fp/hard/crtend.o
LOAD /opt/st/stm32cubeide_1.14.0/plugins/com.st.stm32cube.ide.mcu.externaltools.gnu-tools-for-stm32.11.3.rel1.linux64_1.1.100.202309141235/tools/bin/../lib/gcc/arm-none-eabi/11.3.1/thumb/v7e-m+fp/hard/crtn.o
                0x0000000020003000                _estack = (ORIGIN (RAM) + LENGTH (RAM))
                0x0000000000000200                _Min_Heap_Size = 0x200
                0x0000000000000400                _Min_Stack_Size = 0x400

.isr_vector     0x0000000008002000      0x188
                0x0000000008002000                . = ALIGN (0x4)
 *(.isr_vector)
 .isr_vector    0x0000000008002000      0x188 ./Core/Startup/startup_stm32f334c8tx.o
                0x0000000008002000                g_pfnVectors
                0x0000000008002188                . = ALIGN (0x4)

.text           0x0000000008002188     0x1d34
                0x0000000008002188                . = ALIGN (0x4)
 *(.text)
 .text          0x0000000008002188       0x40 /opt/st/stm32cubeide_1.14.0/plugins/com.st.stm32cube.ide.mcu.externaltools.gnu-tools-for-stm32.11.3.rel1.linux64_1.1.100.202309141235/tools/bin/../lib/gcc/arm-none-eabi/11.3.1/thumb/v7e-m+fp/hard/crtbegin.o
 *(.text*)
 .text.main     0x00000000080021c8       0x40 ./Core/Src/main.o
                0x00000000080021c8                main
 .text.SystemClock_Config
                0x0000000008002208       0x82 ./Core/Src/main.o
                0x0000000008002208                SystemClock_Config
 *fill*         0x000000000800228a        0x2 
 .text.MX_GPIO_Init
                0x000000000800228c       0x64 ./Core/Src/main.o
 .text.Error_Handler
                0x00000000080022f0        0xa ./Core/Src/main.o
                0x00000000080022f0                Error_Handler
 *fill*         0x00000000080022fa        0x2 
 .text.HAL_MspInit
                0x00000000080022fc       0x48 ./Core/Src/stm32f3xx_hal_msp.o
                0x00000000080022fc                HAL_MspInit
 .text.NMI_Handler
                0x0000000008002344        0x6 ./Core/Src/stm32f3xx_it.o
                0x0000000008002344                NMI_Handler
 .text.HardFault_Handler
                0x000000000800234a        0x6 ./Core/Src/stm32f3xx_it.o
                0x000000000800234a                HardFault_Handler
 .text.MemManage_Handler
                0x0000000008002350        0x6 ./Core/Src/stm32f3xx_it.o
                0x0000000008002350                MemManage_Handler
 .text.BusFault_Handler
                0x0000000008002356        0x6 ./Core/Src/stm32f3xx_it.o
                0x0000000008002356                BusFault_Handler
 .text.UsageFault_Handler
                0x000000000800235c        0x6 ./Core/Src/stm32f3xx_it.o
                0x000000000800235c                UsageFault_Handler
 .text.SVC_Handler
                0x0000000008002362        0xe ./Core/Src/stm32f3xx_it.o
                0x0000000008002362                SVC_Handler
 .text.DebugMon_Handler
                0x0000000008002370        0xe ./Core/Src/stm32f3xx_it.o
                0x0000000008002370                DebugMon_Handler
 .text.PendSV_Handler
                0x000000000800237e        0xe ./Core/Src/stm32f3xx_it.o
                0x000000000800237e                PendSV_Handler
 .text.SysTick_Handler
                0x000000000800238c        0xc ./Core/Src/stm32f3xx_it.o
                0x000000000800238c                SysTick_Handler
 .text.SystemInit
                0x0000000008002398       0x24 ./Core/Src/system_stm32f3xx.o
                0x0000000008002398                SystemInit
 .text.Reset_Handler
                0x00000000080023bc       0x50 ./Core/Startup/startup_stm32f334c8tx.o
                0x00000000080023bc                Reset_Handler
 .text.Default_Handler
                0x000000000800240c        0x2 ./Core/Startup/startup_stm32f334c8tx.o
                0x000000000800240c                RTC_Alarm_IRQHandler
                0x000000000800240c                HRTIM1_Master_IRQHandler
                0x000000000800240c                TIM1_CC_IRQHandler
                0x000000000800240c                HRTIM1_FLT_IRQHandler
                0x000000000800240c                PVD_IRQHandler
                0x000000000800240c                HRTIM1_TIMD_IRQHandler
                0x000000000800240c                TAMP_STAMP_IRQHandler
                0x000000000800240c                EXTI3_IRQHandler
                0x000000000800240c                EXTI0_IRQHandler
                0x000000000800240c                FPU_IRQHandler
                0x000000000800240c                CAN_TX_IRQHandler
                0x000000000800240c                TIM1_UP_TIM16_IRQHandler
                0x000000000800240c                ADC1_2_IRQHandler
                0x000000000800240c                HRTIM1_TIME_IRQHandler
                0x000000000800240c                SPI1_IRQHandler
                0x000000000800240c                CAN_SCE_IRQHandler
                0x000000000800240c                HRTIM1_TIMC_IRQHandler
                0x000000000800240c                DMA1_Channel4_IRQHandler
                0x000000000800240c                USART3_IRQHandler
                0x000000000800240c                DMA1_Channel7_IRQHandler
                0x000000000800240c                TIM7_DAC2_IRQHandler
                0x000000000800240c                CAN_RX1_IRQHandler
                0x000000000800240c                I2C1_EV_IRQHandler
                0x000000000800240c                DMA1_Channel6_IRQHandler
                0x000000000800240c                TIM3_IRQHandler
                0x000000000800240c                RCC_IRQHandler
                0x000000000800240c                DMA1_Channel1_IRQHandler
                0x000000000800240c                Default_Handler
                0x000000000800240c                EXTI15_10_IRQHandler
                0x000000000800240c                COMP2_IRQHandler
                0x000000000800240c                HRTIM1_TIMA_IRQHandler
                0x000000000800240c                TIM6_DAC1_IRQHandler
                0x000000000800240c                EXTI9_5_IRQHandler
                0x000000000800240c                RTC_WKUP_IRQHandler
                0x000000000800240c                DMA1_Channel5_IRQHandler
                0x000000000800240c                EXTI4_IRQHandler
                0x000000000800240c                HRTIM1_TIMB_IRQHandler
                0x000000000800240c                TIM1_TRG_COM_TIM17_IRQHandler
                0x000000000800240c                DMA1_Channel3_IRQHandler
                0x000000000800240c                WWDG_IRQHandler
                0x000000000800240c                TIM2_IRQHandler
                0x000000000800240c                EXTI1_IRQHandler
                0x000000000800240c                COMP4_6_IRQHandler
                0x000000000800240c                USART2_IRQHandler
                0x000000000800240c                DMA1_Channel2_IRQHandler
                0x000000000800240c                FLASH_IRQHandler
                0x000000000800240c                USART1_IRQHandler
                0x000000000800240c                CAN_RX0_IRQHandler
                0x000000000800240c                I2C1_ER_IRQHandler
                0x000000000800240c                EXTI2_TSC_IRQHandler
                0x000000000800240c                TIM1_BRK_TIM15_IRQHandler
 *fill*         0x000000000800240e        0x2 
 .text.HAL_Init
                0x0000000008002410       0x2c ./Drivers/STM32F3xx_HAL_Driver/Src/stm32f3xx_hal.o
                0x0000000008002410                HAL_Init
 .text.HAL_InitTick
                0x000000000800243c       0x60 ./Drivers/STM32F3xx_HAL_Driver/Src/stm32f3xx_hal.o
                0x000000000800243c                HAL_InitTick
 .text.HAL_IncTick
                0x000000000800249c       0x28 ./Drivers/STM32F3xx_HAL_Driver/Src/stm32f3xx_hal.o
                0x000000000800249c                HAL_IncTick
 .text.HAL_GetTick
                0x00000000080024c4       0x18 ./Drivers/STM32F3xx_HAL_Driver/Src/stm32f3xx_hal.o
                0x00000000080024c4                HAL_GetTick
 .text.HAL_Delay
                0x00000000080024dc       0x48 ./Drivers/STM32F3xx_HAL_Driver/Src/stm32f3xx_hal.o
                0x00000000080024dc                HAL_Delay
 .text.__NVIC_SetPriorityGrouping
                0x0000000008002524       0x48 ./Drivers/STM32F3xx_HAL_Driver/Src/stm32f3xx_hal_cortex.o
 .text.__NVIC_GetPriorityGrouping
                0x000000000800256c       0x1c ./Drivers/STM32F3xx_HAL_Driver/Src/stm32f3xx_hal_cortex.o
 .text.__NVIC_SetPriority
                0x0000000008002588       0x54 ./Drivers/STM32F3xx_HAL_Driver/Src/stm32f3xx_hal_cortex.o
 .text.NVIC_EncodePriority
                0x00000000080025dc       0x66 ./Drivers/STM32F3xx_HAL_Driver/Src/stm32f3xx_hal_cortex.o
 *fill*         0x0000000008002642        0x2 
 .text.SysTick_Config
                0x0000000008002644       0x44 ./Drivers/STM32F3xx_HAL_Driver/Src/stm32f3xx_hal_cortex.o
 .text.HAL_NVIC_SetPriorityGrouping
                0x0000000008002688       0x16 ./Drivers/STM32F3xx_HAL_Driver/Src/stm32f3xx_hal_cortex.o
                0x0000000008002688                HAL_NVIC_SetPriorityGrouping
 .text.HAL_NVIC_SetPriority
                0x000000000800269e       0x38 ./Drivers/STM32F3xx_HAL_Driver/Src/stm32f3xx_hal_cortex.o
                0x000000000800269e                HAL_NVIC_SetPriority
 .text.HAL_SYSTICK_Config
                0x00000000080026d6       0x18 ./Drivers/STM32F3xx_HAL_Driver/Src/stm32f3xx_hal_cortex.o
                0x00000000080026d6                HAL_SYSTICK_Config
 *fill*         0x00000000080026ee        0x2 
 .text.HAL_GPIO_Init
                0x00000000080026f0      0x2e4 ./Drivers/STM32F3xx_HAL_Driver/Src/stm32f3xx_hal_gpio.o
                0x00000000080026f0                HAL_GPIO_Init
 .text.HAL_GPIO_WritePin
                0x00000000080029d4       0x30 ./Drivers/STM32F3xx_HAL_Driver/Src/stm32f3xx_hal_gpio.o
                0x00000000080029d4                HAL_GPIO_WritePin
 .text.HAL_RCC_OscConfig
                0x0000000008002a04     0x107c ./Drivers/STM32F3xx_HAL_Driver/Src/stm32f3xx_hal_rcc.o
                0x0000000008002a04                HAL_RCC_OscConfig
 .text.HAL_RCC_ClockConfig
                0x0000000008003a80      0x2f8 ./Drivers/STM32F3xx_HAL_Driver/Src/stm32f3xx_hal_rcc.o
                0x0000000008003a80                HAL_RCC_ClockConfig
 .text.HAL_RCC_GetSysClockFreq
                0x0000000008003d78       0xd4 ./Drivers/STM32F3xx_HAL_Driver/Src/stm32f3xx_hal_rcc.o
                0x0000000008003d78                HAL_RCC_GetSysClockFreq
 .text.memset   0x0000000008003e4c       0x10 /opt/st/stm32cubeide_1.14.0/plugins/com.st.stm32cube.ide.mcu.externaltools.gnu-tools-for-stm32.11.3.rel1.linux64_1.1.100.202309141235/tools/bin/../lib/gcc/arm-none-eabi/11.3.1/../../../../arm-none-eabi/lib/thumb/v7e-m+fp/hard/libc_nano.a(libc_a-memset.o)
                0x0000000008003e4c                memset
 .text.__libc_init_array
                0x0000000008003e5c       0x48 /opt/st/stm32cubeide_1.14.0/plugins/com.st.stm32cube.ide.mcu.externaltools.gnu-tools-for-stm32.11.3.rel1.linux64_1.1.100.202309141235/tools/bin/../lib/gcc/arm-none-eabi/11.3.1/../../../../arm-none-eabi/lib/thumb/v7e-m+fp/hard/libc_nano.a(libc_a-init.o)
                0x0000000008003e5c                __libc_init_array
 *(.glue_7)
 .glue_7        0x0000000008003ea4        0x0 linker stubs
 *(.glue_7t)
 .glue_7t       0x0000000008003ea4        0x0 linker stubs
 *(.eh_frame)
 .eh_frame      0x0000000008003ea4        0x0 /opt/st/stm32cubeide_1.14.0/plugins/com.st.stm32cube.ide.mcu.externaltools.gnu-tools-for-stm32.11.3.rel1.linux64_1.1.100.202309141235/tools/bin/../lib/gcc/arm-none-eabi/11.3.1/thumb/v7e-m+fp/hard/crtbegin.o
 *(.init)
 .init          0x0000000008003ea4        0x4 /opt/st/stm32cubeide_1.14.0/plugins/com.st.stm32cube.ide.mcu.externaltools.gnu-tools-for-stm32.11.3.rel1.linux64_1.1.100.202309141235/tools/bin/../lib/gcc/arm-none-eabi/11.3.1/thumb/v7e-m+fp/hard/crti.o
                0x0000000008003ea4                _init
 .init          0x0000000008003ea8        0x8 /opt/st/stm32cubeide_1.14.0/plugins/com.st.stm32cube.ide.mcu.externaltools.gnu-tools-for-stm32.11.3.rel1.linux64_1.1.100.202309141235/tools/bin/../lib/gcc/arm-none-eabi/11.3.1/thumb/v7e-m+fp/hard/crtn.o
 *(.fini)
 .fini          0x0000000008003eb0        0x4 /opt/st/stm32cubeide_1.14.0/plugins/com.st.stm32cube.ide.mcu.externaltools.gnu-tools-for-stm32.11.3.rel1.linux64_1.1.100.202309141235/tools/bin/../lib/gcc/arm-none-eabi/11.3.1/thumb/v7e-m+fp/hard/crti.o
                0x0000000008003eb0                _fini
 .fini          0x0000000008003eb4        0x8 /opt/st/stm32cubeide_1.14.0/plugins/com.st.stm32cube.ide.mcu.externaltools.gnu-tools-for-stm32.11.3.rel1.linux64_1.1.100.202309141235/tools/bin/../lib/gcc/arm-none-eabi/11.3.1/thumb/v7e-m+fp/hard/crtn.o
                0x0000000008003ebc                . = ALIGN (0x4)
                0x0000000008003ebc                _etext = .

.vfp11_veneer   0x0000000008003ebc        0x0
 .vfp11_veneer  0x0000000008003ebc        0x0 linker stubs

.v4_bx          0x0000000008003ebc        0x0
 .v4_bx         0x0000000008003ebc        0x0 linker stubs

.iplt           0x0000000008003ebc        0x0
 .iplt          0x0000000008003ebc        0x0 /opt/st/stm32cubeide_1.14.0/plugins/com.st.stm32cube.ide.mcu.externaltools.gnu-tools-for-stm32.11.3.rel1.linux64_1.1.100.202309141235/tools/bin/../lib/gcc/arm-none-eabi/11.3.1/thumb/v7e-m+fp/hard/crtbegin.o

.rodata         0x0000000008003ebc       0x30
                0x0000000008003ebc                . = ALIGN (0x4)
 *(.rodata)
 *(.rodata*)
 .rodata.AHBPrescTable
                0x0000000008003ebc       0x10 ./Core/Src/system_stm32f3xx.o
                0x0000000008003ebc                AHBPrescTable
 .rodata.aPLLMULFactorTable
                0x0000000008003ecc       0x10 ./Drivers/STM32F3xx_HAL_Driver/Src/stm32f3xx_hal_rcc.o
 .rodata.aPredivFactorTable
                0x0000000008003edc       0x10 ./Drivers/STM32F3xx_HAL_Driver/Src/stm32f3xx_hal_rcc.o
                0x0000000008003eec                . = ALIGN (0x4)

.rel.dyn        0x0000000008003eec        0x0
 .rel.iplt      0x0000000008003eec        0x0 /opt/st/stm32cubeide_1.14.0/plugins/com.st.stm32cube.ide.mcu.externaltools.gnu-tools-for-stm32.11.3.rel1.linux64_1.1.100.202309141235/tools/bin/../lib/gcc/arm-none-eabi/11.3.1/thumb/v7e-m+fp/hard/crtbegin.o

.ARM.extab      0x0000000008003eec        0x0
                0x0000000008003eec                . = ALIGN (0x4)
 *(.ARM.extab* .gnu.linkonce.armextab.*)
                0x0000000008003eec                . = ALIGN (0x4)

.ARM            0x0000000008003eec        0x0
                0x0000000008003eec                . = ALIGN (0x4)
                0x0000000008003eec                __exidx_start = .
 *(.ARM.exidx*)
                0x0000000008003eec                __exidx_end = .
                0x0000000008003eec                . = ALIGN (0x4)

.preinit_array  0x0000000008003eec        0x0
                0x0000000008003eec                . = ALIGN (0x4)
                0x0000000008003eec                PROVIDE (__preinit_array_start = .)
 *(.preinit_array*)
                0x0000000008003eec                PROVIDE (__preinit_array_end = .)
                0x0000000008003eec                . = ALIGN (0x4)

.init_array     0x0000000008003eec        0x4
                0x0000000008003eec                . = ALIGN (0x4)
                0x0000000008003eec                PROVIDE (__init_array_start = .)
 *(SORT_BY_NAME(.init_array.*))
 *(.init_array*)
 .init_array    0x0000000008003eec        0x4 /opt/st/stm32cubeide_1.14.0/plugins/com.st.stm32cube.ide.mcu.externaltools.gnu-tools-for-stm32.11.3.rel1.linux64_1.1.100.202309141235/tools/bin/../lib/gcc/arm-none-eabi/11.3.1/thumb/v7e-m+fp/hard/crtbegin.o
                0x0000000008003ef0                PROVIDE (__init_array_end = .)
                0x0000000008003ef0                . = ALIGN (0x4)

.fini_array     0x0000000008003ef0        0x4
                0x0000000008003ef0                . = ALIGN (0x4)
                [!provide]                        PROVIDE (__fini_array_start = .)
 *(SORT_BY_NAME(.fini_array.*))
 *(.fini_array*)
 .fini_array    0x0000000008003ef0        0x4 /opt/st/stm32cubeide_1.14.0/plugins/com.st.stm32cube.ide.mcu.externaltools.gnu-tools-for-stm32.11.3.rel1.linux64_1.1.100.202309141235/tools/bin/../lib/gcc/arm-none-eabi/11.3.1/thumb/v7e-m+fp/hard/crtbegin.o
                [!provide]                        PROVIDE (__fini_array_end = .)
                0x0000000008003ef4                . = ALIGN (0x4)
                0x0000000008003ef4                _sidata = LOADADDR (.data)

.data           0x0000000020000000        0xc load address 0x0000000008003ef4
                0x0000000020000000                . = ALIGN (0x4)
                0x0000000020000000                _sdata = .
 *(.data)
 *(.data*)
 .data.SystemCoreClock
                0x0000000020000000        0x4 ./Core/Src/system_stm32f3xx.o
                0x0000000020000000                SystemCoreClock
 .data.uwTickPrio
                0x0000000020000004        0x4 ./Drivers/STM32F3xx_HAL_Driver/Src/stm32f3xx_hal.o
                0x0000000020000004                uwTickPrio
 .data.uwTickFreq
                0x0000000020000008        0x1 ./Drivers/STM32F3xx_HAL_Driver/Src/stm32f3xx_hal.o
                0x0000000020000008                uwTickFreq
 *(.RamFunc)
 *(.RamFunc*)
                0x000000002000000c                . = ALIGN (0x4)
 *fill*         0x0000000020000009        0x3 
                0x000000002000000c                _edata = .
                0x0000000008003f00                _siccmram = LOADADDR (.ccmram)

.igot.plt       0x000000002000000c        0x0 load address 0x0000000008003f00
 .igot.plt      0x000000002000000c        0x0 /opt/st/stm32cubeide_1.14.0/plugins/com.st.stm32cube.ide.mcu.externaltools.gnu-tools-for-stm32.11.3.rel1.linux64_1.1.100.202309141235/tools/bin/../lib/gcc/arm-none-eabi/11.3.1/thumb/v7e-m+fp/hard/crtbegin.o

.ccmram         0x0000000010000000        0x0 load address 0x0000000008003f00
                0x0000000010000000                . = ALIGN (0x4)
                0x0000000010000000                _sccmram = .
 *(.ccmram)
 *(.ccmram*)
                0x0000000010000000                . = ALIGN (0x4)
                0x0000000010000000                _eccmram = .
                0x0000000010000000                . = ALIGN (0x4)

.bss            0x000000002000000c       0x20
                0x000000002000000c                _sbss = .
                0x000000002000000c                __bss_start__ = _sbss
 *(.bss)
 .bss           0x000000002000000c       0x1c /opt/st/stm32cubeide_1.14.0/plugins/com.st.stm32cube.ide.mcu.externaltools.gnu-tools-for-stm32.11.3.rel1.linux64_1.1.100.202309141235/tools/bin/../lib/gcc/arm-none-eabi/11.3.1/thumb/v7e-m+fp/hard/crtbegin.o
 *(.bss*)
 .bss.uwTick    0x0000000020000028        0x4 ./Drivers/STM32F3xx_HAL_Driver/Src/stm32f3xx_hal.o
                0x0000000020000028                uwTick
 *(COMMON)
                0x000000002000002c                . = ALIGN (0x4)
                0x000000002000002c                _ebss = .
                0x000000002000002c                __bss_end__ = _ebss

._user_heap_stack
                0x000000002000002c      0x604
                0x0000000020000030                . = ALIGN (0x8)
 *fill*         0x000000002000002c        0x4 
                [!provide]                        PROVIDE (end = .)
                0x0000000020000030                PROVIDE (_end = .)
                0x0000000020000230                . = (. + _Min_Heap_Size)
 *fill*         0x0000000020000030      0x200 
                0x0000000020000630                . = (. + _Min_Stack_Size)
 *fill*         0x0000000020000230      0x400 
                0x0000000020000630                . = ALIGN (0x8)

/DISCARD/
 libc.a(*)
 libm.a(*)
 libgcc.a(*)

.ARM.attributes
                0x0000000000000000       0x30
 *(.ARM.attributes)
 .ARM.attributes
                0x0000000000000000       0x1e /opt/st/stm32cubeide_1.14.0/plugins/com.st.stm32cube.ide.mcu.externaltools.gnu-tools-for-stm32.11.3.rel1.linux64_1.1.100.202309141235/tools/bin/../lib/gcc/arm-none-eabi/11.3.1/thumb/v7e-m+fp/hard/crti.o
 .ARM.attributes
                0x000000000000001e       0x34 /opt/st/stm32cubeide_1.14.0/plugins/com.st.stm32cube.ide.mcu.externaltools.gnu-tools-for-stm32.11.3.rel1.linux64_1.1.100.202309141235/tools/bin/../lib/gcc/arm-none-eabi/11.3.1/thumb/v7e-m+fp/hard/crtbegin.o
 .ARM.attributes
                0x0000000000000052       0x34 ./Core/Src/main.o
 .ARM.attributes
                0x0000000000000086       0x34 ./Core/Src/stm32f3xx_hal_msp.o
 .ARM.attributes
                0x00000000000000ba       0x34 ./Core/Src/stm32f3xx_it.o
 .ARM.attributes
                0x00000000000000ee       0x34 ./Core/Src/system_stm32f3xx.o
 .ARM.attributes
                0x0000000000000122       0x21 ./Core/Startup/startup_stm32f334c8tx.o
 .ARM.attributes
                0x0000000000000143       0x34 ./Drivers/STM32F3xx_HAL_Driver/Src/stm32f3xx_hal.o
 .ARM.attributes
                0x0000000000000177       0x34 ./Drivers/STM32F3xx_HAL_Driver/Src/stm32f3xx_hal_cortex.o
 .ARM.attributes
                0x00000000000001ab       0x34 ./Drivers/STM32F3xx_HAL_Driver/Src/stm32f3xx_hal_gpio.o
 .ARM.attributes
                0x00000000000001df       0x34 ./Drivers/STM32F3xx_HAL_Driver/Src/stm32f3xx_hal_rcc.o
 .ARM.attributes
                0x0000000000000213       0x34 /opt/st/stm32cubeide_1.14.0/plugins/com.st.stm32cube.ide.mcu.externaltools.gnu-tools-for-stm32.11.3.rel1.linux64_1.1.100.202309141235/tools/bin/../lib/gcc/arm-none-eabi/11.3.1/../../../../arm-none-eabi/lib/thumb/v7e-m+fp/hard/libc_nano.a(libc_a-memset.o)
 .ARM.attributes
                0x0000000000000247       0x34 /opt/st/stm32cubeide_1.14.0/plugins/com.st.stm32cube.ide.mcu.externaltools.gnu-tools-for-stm32.11.3.rel1.linux64_1.1.100.202309141235/tools/bin/../lib/gcc/arm-none-eabi/11.3.1/../../../../arm-none-eabi/lib/thumb/v7e-m+fp/hard/libc_nano.a(libc_a-init.o)
 .ARM.attributes
                0x000000000000027b       0x1e /opt/st/stm32cubeide_1.14.0/plugins/com.st.stm32cube.ide.mcu.externaltools.gnu-tools-for-stm32.11.3.rel1.linux64_1.1.100.202309141235/tools/bin/../lib/gcc/arm-none-eabi/11.3.1/thumb/v7e-m+fp/hard/crtn.o
OUTPUT(01_App.elf elf32-littlearm)
LOAD linker stubs
LOAD /opt/st/stm32cubeide_1.14.0/plugins/com.st.stm32cube.ide.mcu.externaltools.gnu-tools-for-stm32.11.3.rel1.linux64_1.1.100.202309141235/tools/bin/../lib/gcc/arm-none-eabi/11.3.1/../../../../arm-none-eabi/lib/thumb/v7e-m+fp/hard/libc.a
LOAD /opt/st/stm32cubeide_1.14.0/plugins/com.st.stm32cube.ide.mcu.externaltools.gnu-tools-for-stm32.11.3.rel1.linux64_1.1.100.202309141235/tools/bin/../lib/gcc/arm-none-eabi/11.3.1/../../../../arm-none-eabi/lib/thumb/v7e-m+fp/hard/libm.a
LOAD /opt/st/stm32cubeide_1.14.0/plugins/com.st.stm32cube.ide.mcu.externaltools.gnu-tools-for-stm32.11.3.rel1.linux64_1.1.100.202309141235/tools/bin/../lib/gcc/arm-none-eabi/11.3.1/thumb/v7e-m+fp/hard/libgcc.a

.comment        0x0000000000000000       0x43
 .comment       0x0000000000000000       0x43 /opt/st/stm32cubeide_1.14.0/plugins/com.st.stm32cube.ide.mcu.externaltools.gnu-tools-for-stm32.11.3.rel1.linux64_1.1.100.202309141235/tools/bin/../lib/gcc/arm-none-eabi/11.3.1/thumb/v7e-m+fp/hard/crtbegin.o
                                         0x44 (size before relaxing)
 .comment       0x0000000000000043       0x44 ./Core/Src/main.o
 .comment       0x0000000000000043       0x44 ./Core/Src/stm32f3xx_hal_msp.o
 .comment       0x0000000000000043       0x44 ./Core/Src/stm32f3xx_it.o
 .comment       0x0000000000000043       0x44 ./Core/Src/system_stm32f3xx.o
 .comment       0x0000000000000043       0x44 ./Drivers/STM32F3xx_HAL_Driver/Src/stm32f3xx_hal.o
 .comment       0x0000000000000043       0x44 ./Drivers/STM32F3xx_HAL_Driver/Src/stm32f3xx_hal_cortex.o
 .comment       0x0000000000000043       0x44 ./Drivers/STM32F3xx_HAL_Driver/Src/stm32f3xx_hal_gpio.o
 .comment       0x0000000000000043       0x44 ./Drivers/STM32F3xx_HAL_Driver/Src/stm32f3xx_hal_rcc.o

.debug_info     0x0000000000000000     0x39f7
 .debug_info    0x0000000000000000      0x55e ./Core/Src/main.o
 .debug_info    0x000000000000055e      0x1a0 ./Core/Src/stm32f3xx_hal_msp.o
 .debug_info    0x00000000000006fe      0x113 ./Core/Src/stm32f3xx_it.o
 .debug_info    0x0000000000000811      0x407 ./Core/Src/system_stm32f3xx.o
 .debug_info    0x0000000000000c18       0x23 ./Core/Startup/startup_stm32f334c8tx.o
 .debug_info    0x0000000000000c3b      0x774 ./Drivers/STM32F3xx_HAL_Driver/Src/stm32f3xx_hal.o
 .debug_info    0x00000000000013af      0xab1 ./Drivers/STM32F3xx_HAL_Driver/Src/stm32f3xx_hal_cortex.o
 .debug_info    0x0000000000001e60      0x6a6 ./Drivers/STM32F3xx_HAL_Driver/Src/stm32f3xx_hal_gpio.o
 .debug_info    0x0000000000002506     0x14f1 ./Drivers/STM32F3xx_HAL_Driver/Src/stm32f3xx_hal_rcc.o

.debug_abbrev   0x0000000000000000      0xe3a
 .debug_abbrev  0x0000000000000000      0x1e2 ./Core/Src/main.o
 .debug_abbrev  0x00000000000001e2       0xe2 ./Core/Src/stm32f3xx_hal_msp.o
 .debug_abbrev  0x00000000000002c4       0x73 ./Core/Src/stm32f3xx_it.o
 .debug_abbrev  0x0000000000000337      0x11a ./Core/Src/system_stm32f3xx.o
 .debug_abbrev  0x0000000000000451       0x12 ./Core/Startup/startup_stm32f334c8tx.o
 .debug_abbrev  0x0000000000000463      0x215 ./Drivers/STM32F3xx_HAL_Driver/Src/stm32f3xx_hal.o
 .debug_abbrev  0x0000000000000678      0x2f8 ./Drivers/STM32F3xx_HAL_Driver/Src/stm32f3xx_hal_cortex.o
 .debug_abbrev  0x0000000000000970      0x1ca ./Drivers/STM32F3xx_HAL_Driver/Src/stm32f3xx_hal_gpio.o
 .debug_abbrev  0x0000000000000b3a      0x300 ./Drivers/STM32F3xx_HAL_Driver/Src/stm32f3xx_hal_rcc.o

.debug_aranges  0x0000000000000000      0x3c8
 .debug_aranges
                0x0000000000000000       0x38 ./Core/Src/main.o
 .debug_aranges
                0x0000000000000038       0x20 ./Core/Src/stm32f3xx_hal_msp.o
 .debug_aranges
                0x0000000000000058       0x60 ./Core/Src/stm32f3xx_it.o
 .debug_aranges
                0x00000000000000b8       0x28 ./Core/Src/system_stm32f3xx.o
 .debug_aranges
                0x00000000000000e0       0x28 ./Core/Startup/startup_stm32f334c8tx.o
 .debug_aranges
                0x0000000000000108       0xe0 ./Drivers/STM32F3xx_HAL_Driver/Src/stm32f3xx_hal.o
 .debug_aranges
                0x00000000000001e8      0x100 ./Drivers/STM32F3xx_HAL_Driver/Src/stm32f3xx_hal_cortex.o
 .debug_aranges
                0x00000000000002e8       0x58 ./Drivers/STM32F3xx_HAL_Driver/Src/stm32f3xx_hal_gpio.o
 .debug_aranges
                0x0000000000000340       0x88 ./Drivers/STM32F3xx_HAL_Driver/Src/stm32f3xx_hal_rcc.o

.debug_rnglists
                0x0000000000000000      0x2b2
 .debug_rnglists
                0x0000000000000000       0x26 ./Core/Src/main.o
 .debug_rnglists
                0x0000000000000026       0x13 ./Core/Src/stm32f3xx_hal_msp.o
 .debug_rnglists
                0x0000000000000039       0x43 ./Core/Src/stm32f3xx_it.o
 .debug_rnglists
                0x000000000000007c       0x1a ./Core/Src/system_stm32f3xx.o
 .debug_rnglists
                0x0000000000000096       0x19 ./Core/Startup/startup_stm32f334c8tx.o
 .debug_rnglists
                0x00000000000000af       0xa3 ./Drivers/STM32F3xx_HAL_Driver/Src/stm32f3xx_hal.o
 .debug_rnglists
                0x0000000000000152       0xbb ./Drivers/STM32F3xx_HAL_Driver/Src/stm32f3xx_hal_cortex.o
 .debug_rnglists
                0x000000000000020d       0x3f ./Drivers/STM32F3xx_HAL_Driver/Src/stm32f3xx_hal_gpio.o
 .debug_rnglists
                0x000000000000024c       0x66 ./Drivers/STM32F3xx_HAL_Driver/Src/stm32f3xx_hal_rcc.o

.debug_macro    0x0000000000000000    0x1db35
 .debug_macro   0x0000000000000000      0x1ad ./Core/Src/main.o
 .debug_macro   0x00000000000001ad      0xaa8 ./Core/Src/main.o
 .debug_macro   0x0000000000000c55      0x14b ./Core/Src/main.o
 .debug_macro   0x0000000000000da0       0x2e ./Core/Src/main.o
 .debug_macro   0x0000000000000dce       0x28 ./Core/Src/main.o
 .debug_macro   0x0000000000000df6       0x22 ./Core/Src/main.o
 .debug_macro   0x0000000000000e18       0x8e ./Core/Src/main.o
 .debug_macro   0x0000000000000ea6       0x51 ./Core/Src/main.o
 .debug_macro   0x0000000000000ef7      0x103 ./Core/Src/main.o
 .debug_macro   0x0000000000000ffa       0x6a ./Core/Src/main.o
 .debug_macro   0x0000000000001064      0x1df ./Core/Src/main.o
 .debug_macro   0x0000000000001243       0x1c ./Core/Src/main.o
 .debug_macro   0x000000000000125f       0x22 ./Core/Src/main.o
 .debug_macro   0x0000000000001281       0xd9 ./Core/Src/main.o
 .debug_macro   0x000000000000135a      0xf07 ./Core/Src/main.o
 .debug_macro   0x0000000000002261    0x1585b ./Core/Src/main.o
 .debug_macro   0x0000000000017abc       0x6d ./Core/Src/main.o
 .debug_macro   0x0000000000017b29     0x3558 ./Core/Src/main.o
 .debug_macro   0x000000000001b081      0x174 ./Core/Src/main.o
 .debug_macro   0x000000000001b1f5       0x55 ./Core/Src/main.o
 .debug_macro   0x000000000001b24a      0x8f8 ./Core/Src/main.o
 .debug_macro   0x000000000001bb42      0x358 ./Core/Src/main.o
 .debug_macro   0x000000000001be9a      0x1b5 ./Core/Src/main.o
 .debug_macro   0x000000000001c04f      0x130 ./Core/Src/main.o
 .debug_macro   0x000000000001c17f      0x1d5 ./Core/Src/main.o
 .debug_macro   0x000000000001c354      0x1bc ./Core/Src/main.o
 .debug_macro   0x000000000001c510       0x34 ./Core/Src/main.o
 .debug_macro   0x000000000001c544       0x3c ./Core/Src/main.o
 .debug_macro   0x000000000001c580       0x57 ./Core/Src/main.o
 .debug_macro   0x000000000001c5d7       0xc5 ./Core/Src/main.o
 .debug_macro   0x000000000001c69c      0x19f ./Core/Src/main.o
 .debug_macro   0x000000000001c83b      0x22c ./Core/Src/main.o
 .debug_macro   0x000000000001ca67       0x5b ./Core/Src/main.o
 .debug_macro   0x000000000001cac2       0xa5 ./Core/Src/main.o
 .debug_macro   0x000000000001cb67       0x81 ./Core/Src/main.o
 .debug_macro   0x000000000001cbe8       0xd3 ./Core/Src/main.o
 .debug_macro   0x000000000001ccbb      0x2a1 ./Core/Src/main.o
 .debug_macro   0x000000000001cf5c       0x10 ./Core/Src/main.o
 .debug_macro   0x000000000001cf6c      0x1ad ./Core/Src/stm32f3xx_hal_msp.o
 .debug_macro   0x000000000001d119      0x1b7 ./Core/Src/stm32f3xx_it.o
 .debug_macro   0x000000000001d2d0      0x19e ./Core/Src/system_stm32f3xx.o
 .debug_macro   0x000000000001d46e      0x1c2 ./Drivers/STM32F3xx_HAL_Driver/Src/stm32f3xx_hal.o
 .debug_macro   0x000000000001d630      0x19e ./Drivers/STM32F3xx_HAL_Driver/Src/stm32f3xx_hal_cortex.o
 .debug_macro   0x000000000001d7ce      0x1a5 ./Drivers/STM32F3xx_HAL_Driver/Src/stm32f3xx_hal_gpio.o
 .debug_macro   0x000000000001d973      0x1c2 ./Drivers/STM32F3xx_HAL_Driver/Src/stm32f3xx_hal_rcc.o

.debug_line     0x0000000000000000     0x4c71
 .debug_line    0x0000000000000000      0x6f1 ./Core/Src/main.o
 .debug_line    0x00000000000006f1      0x64d ./Core/Src/stm32f3xx_hal_msp.o
 .debug_line    0x0000000000000d3e      0x70e ./Core/Src/stm32f3xx_it.o
 .debug_line    0x000000000000144c      0x6c2 ./Core/Src/system_stm32f3xx.o
 .debug_line    0x0000000000001b0e       0x7a ./Core/Startup/startup_stm32f334c8tx.o
 .debug_line    0x0000000000001b88      0x8f7 ./Drivers/STM32F3xx_HAL_Driver/Src/stm32f3xx_hal.o
 .debug_line    0x000000000000247f      0xadf ./Drivers/STM32F3xx_HAL_Driver/Src/stm32f3xx_hal_cortex.o
 .debug_line    0x0000000000002f5e      0xa42 ./Drivers/STM32F3xx_HAL_Driver/Src/stm32f3xx_hal_gpio.o
 .debug_line    0x00000000000039a0     0x12d1 ./Drivers/STM32F3xx_HAL_Driver/Src/stm32f3xx_hal_rcc.o

.debug_str      0x0000000000000000    0xb0a3b
 .debug_str     0x0000000000000000    0xafaff ./Core/Src/main.o
                                      0xafd7c (size before relaxing)
 .debug_str     0x00000000000afaff       0x49 ./Core/Src/stm32f3xx_hal_msp.o
                                      0xafb16 (size before relaxing)
 .debug_str     0x00000000000afb48       0xc9 ./Core/Src/stm32f3xx_it.o
                                      0xafb28 (size before relaxing)
 .debug_str     0x00000000000afc11       0xf3 ./Core/Src/system_stm32f3xx.o
                                      0xafb84 (size before relaxing)
 .debug_str     0x00000000000afd04       0x34 ./Core/Startup/startup_stm32f334c8tx.o
                                         0x8a (size before relaxing)
 .debug_str     0x00000000000afd38      0x62d ./Drivers/STM32F3xx_HAL_Driver/Src/stm32f3xx_hal.o
                                      0xb02ec (size before relaxing)
 .debug_str     0x00000000000b0365      0x267 ./Drivers/STM32F3xx_HAL_Driver/Src/stm32f3xx_hal_cortex.o
                                      0xb0211 (size before relaxing)
 .debug_str     0x00000000000b05cc      0x19e ./Drivers/STM32F3xx_HAL_Driver/Src/stm32f3xx_hal_gpio.o
                                      0xafd63 (size before relaxing)
 .debug_str     0x00000000000b076a      0x2d1 ./Drivers/STM32F3xx_HAL_Driver/Src/stm32f3xx_hal_rcc.o
                                      0xb0024 (size before relaxing)

.debug_frame    0x0000000000000000      0xd24
 .debug_frame   0x0000000000000000       0x8c ./Core/Src/main.o
 .debug_frame   0x000000000000008c       0x34 ./Core/Src/stm32f3xx_hal_msp.o
 .debug_frame   0x00000000000000c0      0x104 ./Core/Src/stm32f3xx_it.o
 .debug_frame   0x00000000000001c4       0x58 ./Core/Src/system_stm32f3xx.o
 .debug_frame   0x000000000000021c      0x334 ./Drivers/STM32F3xx_HAL_Driver/Src/stm32f3xx_hal.o
 .debug_frame   0x0000000000000550      0x428 ./Drivers/STM32F3xx_HAL_Driver/Src/stm32f3xx_hal_cortex.o
 .debug_frame   0x0000000000000978      0x14c ./Drivers/STM32F3xx_HAL_Driver/Src/stm32f3xx_hal_gpio.o
 .debug_frame   0x0000000000000ac4      0x214 ./Drivers/STM32F3xx_HAL_Driver/Src/stm32f3xx_hal_rcc.o
 .debug_frame   0x0000000000000cd8       0x20 /opt/st/stm32cubeide_1.14.0/plugins/com.st.stm32cube.ide.mcu.externaltools.gnu-tools-for-stm32.11.3.rel1.linux64_1.1.100.202309141235/tools/bin/../lib/gcc/arm-none-eabi/11.3.1/../../../../arm-none-eabi/lib/thumb/v7e-m+fp/hard/libc_nano.a(libc_a-memset.o)
 .debug_frame   0x0000000000000cf8       0x2c /opt/st/stm32cubeide_1.14.0/plugins/com.st.stm32cube.ide.mcu.externaltools.gnu-tools-for-stm32.11.3.rel1.linux64_1.1.100.202309141235/tools/bin/../lib/gcc/arm-none-eabi/11.3.1/../../../../arm-none-eabi/lib/thumb/v7e-m+fp/hard/libc_nano.a(libc_a-init.o)

.debug_line_str
                0x0000000000000000       0x7e
 .debug_line_str
                0x0000000000000000       0x7e ./Core/Startup/startup_stm32f334c8tx.o
                                         0x96 (size before relaxing)
